[NX v20.8.4 Daemon Server] - 2026-03-15T12:15:24.984Z - Started listening on: /var/folders/kg/5jrc322n1dx3nq60nn78rsx00000gp/T/44fc31a0aca5c9e2bd40/d.sock
[NX v20.8.4 Daemon Server] - 2026-03-15T12:15:24.986Z - [WATCHER]: Subscribed to changes within: /Users/ksmith/dev/zzz/reprMan (native)
[NX v20.8.4 Daemon Server] - 2026-03-15T12:15:24.993Z - Established a connection. Number of open connections: 1
[NX v20.8.4 Daemon Server] - 2026-03-15T12:15:24.994Z - Established a connection. Number of open connections: 2
[NX v20.8.4 Daemon Server] - 2026-03-15T12:15:24.994Z - Closed a connection. Number of open connections: 1
[NX v20.8.4 Daemon Server] - 2026-03-15T12:15:24.995Z - [REQUEST]: Client Request for Project Graph Received
[NX v20.8.4 Daemon Server] - 2026-03-15T12:15:24.998Z - Time taken for 'loadSpecifiedNxPlugins' 0.4628330000000034ms
[NX v20.8.4 Daemon Server] - 2026-03-15T12:15:25.047Z - [WATCHER]: Processing file changes in outputs
[NX v20.8.4 Daemon Server] - 2026-03-15T12:15:25.144Z - Time taken for 'Load Nx Plugin: /Users/ksmith/dev/zzz/reprMan/node_modules/nx/src/plugins/package-json' 148.29025ms
[NX v20.8.4 Daemon Server] - 2026-03-15T12:15:25.152Z - Time taken for 'Load Nx Plugin: /Users/ksmith/dev/zzz/reprMan/node_modules/nx/src/plugins/js' 157.052417ms
[NX v20.8.4 Daemon Server] - 2026-03-15T12:15:25.157Z - [REQUEST]: Updated workspace context based on watched changes, recomputing project graph...
[NX v20.8.4 Daemon Server] - 2026-03-15T12:15:25.157Z - [REQUEST]: 
[NX v20.8.4 Daemon Server] - 2026-03-15T12:15:25.157Z - [REQUEST]: 
[NX v20.8.4 Daemon Server] - 2026-03-15T12:15:25.159Z - Time taken for 'loadDefaultNxPlugins' 161.14079100000004ms
[NX v20.8.4 Daemon Server] - 2026-03-15T12:15:25.181Z - Time taken for 'build-project-configs' 9.743833999999993ms
[NX v20.8.4 Daemon Server] - 2026-03-15T12:15:25.199Z - [SYNC]: collect registered sync generators
[NX v20.8.4 Daemon Server] - 2026-03-15T12:15:25.200Z - [REQUEST]: Responding to the client. project-graph
[NX v20.8.4 Daemon Server] - 2026-03-15T12:15:25.200Z - Time taken for 'total for creating and serializing project graph' 204.926125ms
[NX v20.8.4 Daemon Server] - 2026-03-15T12:15:25.201Z - Done responding to the client project-graph
[NX v20.8.4 Daemon Server] - 2026-03-15T12:15:25.201Z - Handled REQUEST_PROJECT_GRAPH. Handling time: 205. Response time: 1.
[NX v20.8.4 Daemon Server] - 2026-03-15T12:15:25.205Z - [REQUEST]: Responding to the client. handleRunPreTasksExecution
[NX v20.8.4 Daemon Server] - 2026-03-15T12:15:25.205Z - Done responding to the client handleRunPreTasksExecution
[NX v20.8.4 Daemon Server] - 2026-03-15T12:15:25.205Z - Handled PRE_TASKS_EXECUTION. Handling time: 1. Response time: 0.
[NX v20.8.4 Daemon Server] - 2026-03-15T12:15:25.205Z - Time taken for 'preTasksExecution' 0.17791699999997945ms
[NX v20.8.4 Daemon Server] - 2026-03-15T12:15:25.243Z - [REQUEST]: Responding to the client. handleHashTasks
[NX v20.8.4 Daemon Server] - 2026-03-15T12:15:25.243Z - Done responding to the client handleHashTasks
[NX v20.8.4 Daemon Server] - 2026-03-15T12:15:25.243Z - Handled HASH_TASKS. Handling time: 7. Response time: 0.
[NX v20.8.4 Daemon Server] - 2026-03-15T12:15:25.294Z - [REQUEST]: Responding to the client. handleGetEstimatedTaskTimings
[NX v20.8.4 Daemon Server] - 2026-03-15T12:15:25.294Z - Done responding to the client handleGetEstimatedTaskTimings
[NX v20.8.4 Daemon Server] - 2026-03-15T12:15:25.294Z - Handled GET_ESTIMATED_TASK_TIMINGS. Handling time: 17. Response time: 0.
[NX v20.8.4 Daemon Server] - 2026-03-15T12:17:02.861Z - [WATCHER]: .github/workflows/continous-integration.yml was modified
[NX v20.8.4 Daemon Server] - 2026-03-15T12:17:02.863Z - [WATCHER]: Processing file changes in outputs
[NX v20.8.4 Daemon Server] - 2026-03-15T12:17:02.965Z - [REQUEST]: Updated workspace context based on watched changes, recomputing project graph...
[NX v20.8.4 Daemon Server] - 2026-03-15T12:17:02.965Z - [REQUEST]: .github/workflows/continous-integration.yml
[NX v20.8.4 Daemon Server] - 2026-03-15T12:17:02.965Z - [REQUEST]: 
[NX v20.8.4 Daemon Server] - 2026-03-15T12:17:02.971Z - Time taken for 'hash changed files from watcher' 0.636584000007133ms
[NX v20.8.4 Daemon Server] - 2026-03-15T12:17:03.005Z - Time taken for 'build-project-configs' 35.101499999989755ms
[NX v20.8.4 Daemon Server] - 2026-03-15T12:17:03.025Z - [SYNC]: collect registered sync generators
[NX v20.8.4 Daemon Server] - 2026-03-15T12:17:03.025Z - [SYNC]: project graph hash is the same, not collecting task sync generators
[NX v20.8.4 Daemon Server] - 2026-03-15T12:17:03.025Z - [SYNC]: nx.json hash is the same, not collecting global sync generators
[NX v20.8.4 Daemon Server] - 2026-03-15T12:17:03.026Z - Time taken for 'total execution time for createProjectGraph()' 17.97329200000968ms
[NX v20.8.4 Daemon Server] - 2026-03-15T12:20:26.824Z - Established a connection. Number of open connections: 2
[NX v20.8.4 Daemon Server] - 2026-03-15T12:20:26.827Z - Closed a connection. Number of open connections: 1
[NX v20.8.4 Daemon Server] - 2026-03-15T12:20:26.831Z - Established a connection. Number of open connections: 2
[NX v20.8.4 Daemon Server] - 2026-03-15T12:20:26.831Z - Closed a connection. Number of open connections: 1
[NX v20.8.4 Daemon Server] - 2026-03-15T12:20:26.832Z - Established a connection. Number of open connections: 2
[NX v20.8.4 Daemon Server] - 2026-03-15T12:20:26.833Z - [REQUEST]: Client Request for Project Graph Received
[NX v20.8.4 Daemon Server] - 2026-03-15T12:20:26.834Z - [REQUEST]: Responding to the client. project-graph
[NX v20.8.4 Daemon Server] - 2026-03-15T12:20:26.834Z - Time taken for 'total for creating and serializing project graph' 0.4168749999953434ms
[NX v20.8.4 Daemon Server] - 2026-03-15T12:20:26.900Z - Done responding to the client project-graph
[NX v20.8.4 Daemon Server] - 2026-03-15T12:20:26.900Z - Handled REQUEST_PROJECT_GRAPH. Handling time: 1. Response time: 66.
[NX v20.8.4 Daemon Server] - 2026-03-15T12:20:26.918Z - [REQUEST]: Responding to the client. handleContextFileData
[NX v20.8.4 Daemon Server] - 2026-03-15T12:20:26.919Z - Done responding to the client handleContextFileData
[NX v20.8.4 Daemon Server] - 2026-03-15T12:20:26.919Z - Handled GET_CONTEXT_FILE_DATA. Handling time: 0. Response time: 1.
[NX v20.8.4 Daemon Server] - 2026-03-15T12:20:27.751Z - Established a connection. Number of open connections: 3
[NX v20.8.4 Daemon Server] - 2026-03-15T12:20:27.752Z - [REQUEST]: Client Request for Project Graph Received
[NX v20.8.4 Daemon Server] - 2026-03-15T12:20:27.753Z - [REQUEST]: Responding to the client. project-graph
[NX v20.8.4 Daemon Server] - 2026-03-15T12:20:27.754Z - Time taken for 'total for creating and serializing project graph' 0.3964169999817386ms
[NX v20.8.4 Daemon Server] - 2026-03-15T12:20:27.754Z - Closed a connection. Number of open connections: 2
[NX v20.8.4 Daemon Server] - 2026-03-15T12:20:27.757Z - Done responding to the client project-graph
[NX v20.8.4 Daemon Server] - 2026-03-15T12:20:27.757Z - Handled REQUEST_PROJECT_GRAPH. Handling time: 1. Response time: 4.
[NX v20.8.4 Daemon Server] - 2026-03-15T12:20:27.760Z - [REQUEST]: Client Request for Project Graph Received
[NX v20.8.4 Daemon Server] - 2026-03-15T12:20:27.761Z - [REQUEST]: Responding to the client. project-graph
[NX v20.8.4 Daemon Server] - 2026-03-15T12:20:27.761Z - Time taken for 'total for creating and serializing project graph' 0.8318750000325963ms
[NX v20.8.4 Daemon Server] - 2026-03-15T12:20:27.778Z - Done responding to the client project-graph
[NX v20.8.4 Daemon Server] - 2026-03-15T12:20:27.778Z - Handled REQUEST_PROJECT_GRAPH. Handling time: 1. Response time: 17.
[NX v20.8.4 Daemon Server] - 2026-03-15T12:20:27.805Z - Established a connection. Number of open connections: 3
[NX v20.8.4 Daemon Server] - 2026-03-15T12:27:20.666Z - Closed a connection. Number of open connections: 2
[NX v20.8.4 Daemon Server] - 2026-03-15T12:27:23.830Z - Established a connection. Number of open connections: 3
[NX v20.8.4 Daemon Server] - 2026-03-15T12:27:23.830Z - Closed a connection. Number of open connections: 2
[NX v20.8.4 Daemon Server] - 2026-03-15T12:27:23.831Z - Established a connection. Number of open connections: 3
[NX v20.8.4 Daemon Server] - 2026-03-15T12:27:23.832Z - [REQUEST]: Client Request for Project Graph Received
[NX v20.8.4 Daemon Server] - 2026-03-15T12:27:23.833Z - [REQUEST]: Responding to the client. project-graph
[NX v20.8.4 Daemon Server] - 2026-03-15T12:27:23.833Z - Time taken for 'total for creating and serializing project graph' 0.43333399994298816ms
[NX v20.8.4 Daemon Server] - 2026-03-15T12:27:23.834Z - Done responding to the client project-graph
[NX v20.8.4 Daemon Server] - 2026-03-15T12:27:23.834Z - Handled REQUEST_PROJECT_GRAPH. Handling time: 1. Response time: 1.
[NX v20.8.4 Daemon Server] - 2026-03-15T12:27:23.837Z - [REQUEST]: Responding to the client. handleRunPreTasksExecution
[NX v20.8.4 Daemon Server] - 2026-03-15T12:27:23.837Z - Done responding to the client handleRunPreTasksExecution
[NX v20.8.4 Daemon Server] - 2026-03-15T12:27:23.837Z - Handled PRE_TASKS_EXECUTION. Handling time: 0. Response time: 0.
[NX v20.8.4 Daemon Server] - 2026-03-15T12:27:23.837Z - Time taken for 'preTasksExecution' 0.08870900003239512ms
[NX v20.8.4 Daemon Server] - 2026-03-15T12:27:23.873Z - [REQUEST]: Responding to the client. handleHashTasks
[NX v20.8.4 Daemon Server] - 2026-03-15T12:27:23.873Z - Done responding to the client handleHashTasks
[NX v20.8.4 Daemon Server] - 2026-03-15T12:27:23.873Z - Handled HASH_TASKS. Handling time: 6. Response time: 0.
[NX v20.8.4 Daemon Server] - 2026-03-15T12:27:23.907Z - [REQUEST]: Responding to the client. handleGetEstimatedTaskTimings
[NX v20.8.4 Daemon Server] - 2026-03-15T12:27:23.907Z - Done responding to the client handleGetEstimatedTaskTimings
[NX v20.8.4 Daemon Server] - 2026-03-15T12:27:23.907Z - Handled GET_ESTIMATED_TASK_TIMINGS. Handling time: 0. Response time: 0.
[NX v20.8.4 Daemon Server] - 2026-03-15T12:27:30.420Z - [WATCHER]: 51 file(s) created or restored, 0 file(s) modified, 0 file(s) deleted
[NX v20.8.4 Daemon Server] - 2026-03-15T12:27:30.420Z - [WATCHER]: Processing file changes in outputs
[NX v20.8.4 Daemon Server] - 2026-03-15T12:27:30.470Z - [WATCHER]: 128 file(s) created or restored, 0 file(s) modified, 0 file(s) deleted
[NX v20.8.4 Daemon Server] - 2026-03-15T12:27:30.470Z - [WATCHER]: Processing file changes in outputs
[NX v20.8.4 Daemon Server] - 2026-03-15T12:27:30.505Z - [REQUEST]: Responding to the client. recordOutputsHash
[NX v20.8.4 Daemon Server] - 2026-03-15T12:27:30.505Z - Done responding to the client recordOutputsHash
[NX v20.8.4 Daemon Server] - 2026-03-15T12:27:30.505Z - Handled RECORD_OUTPUTS_HASH. Handling time: 0. Response time: 0.
[NX v20.8.4 Daemon Server] - 2026-03-15T12:27:30.507Z - [REQUEST]: Responding to the client. handleRecordTaskRuns
[NX v20.8.4 Daemon Server] - 2026-03-15T12:27:30.507Z - Done responding to the client handleRecordTaskRuns
[NX v20.8.4 Daemon Server] - 2026-03-15T12:27:30.507Z - Handled RECORD_TASK_RUNS. Handling time: 0. Response time: 0.
[NX v20.8.4 Daemon Server] - 2026-03-15T12:27:30.508Z - [REQUEST]: Responding to the client. handleGetFlakyTasks
[NX v20.8.4 Daemon Server] - 2026-03-15T12:27:30.508Z - Done responding to the client handleGetFlakyTasks
[NX v20.8.4 Daemon Server] - 2026-03-15T12:27:30.508Z - Handled GET_FLAKY_TASKS. Handling time: 0. Response time: 0.
[NX v20.8.4 Daemon Server] - 2026-03-15T12:27:30.523Z - [REQUEST]: Updated workspace context based on watched changes, recomputing project graph...
[NX v20.8.4 Daemon Server] - 2026-03-15T12:27:30.524Z - [REQUEST]: apps/client-web/coverage/lcov-report/src/constants/index.html,apps/client-web/coverage/lcov-report/src/index.html,apps/client-web/coverage/lcov-report/src/components/AddReprButton/AddReprButton.tsx.html,apps/client-web/coverage/lcov-report/src/components/Header/Controls/FilterForm/Filter.form.tsx.html,apps/client-web/coverage/lcov-report/src/components/InfoButton/index.ts.html,apps/client-web/coverage/lcov-report/src/components/ReprsList/index.ts.html,apps/client-web/coverage/lcov-report/src/components/ReprsList/ReprsList.tsx.html,apps/client-web/coverage/lcov-report/src/components/ReprLine/index.ts.html,apps/client-web/coverage/lcov-report/src/components/InfoButton/index.html,apps/client-web/coverage/lcov-report/src/components/Footer/index.ts.html,apps/client-web/coverage/lcov-report/src/components/AddReprButton/index.html,apps/client-web/coverage/lcov-report/src/components/Header/index.html,apps/client-web/coverage/lcov-report/src/components/CategoryPills/CategoryPills.tsx.html,apps/client-web/coverage/lcov-report/src/components/Header/Controls/index.html,apps/client-web/coverage/lcov-report/src/components/ReprButton/index.html,apps/client-web/coverage/lcov-report/base.css,apps/client-web/coverage/lcov-report/src/components/CategoryPills/index.html,apps/client-web/coverage/lcov-report/src/components/ToastWrapper/index.html,apps/client-web/coverage/lcov-report/prettify.css,apps/client-web/coverage/lcov-report/src/components/ReprLine/ReprLine.helpers.tsx.html,apps/client-web/coverage/lcov-report/src/components/ReprLine/index.html,apps/client-web/coverage/lcov-report/index.html,apps/client-web/coverage/lcov-report/src/components/ReprsList/ReprsList.types.ts.html,apps/client-web/coverage/lcov-report/src/components/Header/Header.tsx.html,apps/client-web/coverage/lcov-report/src/components/Footer/index.html,apps/client-web/coverage/lcov-report/src/components/Header/Controls/Controls.tsx.html,apps/client-web/coverage/lcov-report/src/index.tsx.html,apps/client-web/coverage/lcov-report/block-navigation.js,apps/client-web/coverage/lcov-report/src/components/Header/Controls/FilterForm/index.html,apps/client-web/coverage/lcov-report/src/components/ReprButton/index.ts.html,apps/client-web/coverage/lcov-report/sorter.js,apps/client-web/coverage/lcov-report/src/components/Header/Controls/FilterForm/index.ts.html,apps/client-web/coverage/lcov-report/sort-arrow-sprite.png,apps/client-web/coverage/lcov-report/src/components/Footer/Footer.tsx.html,apps/client-web/coverage/lcov-report/src/App.tsx.html,apps/client-web/coverage/lcov-report/src/reportWebVitals.ts.html,apps/client-web/coverage/lcov.info,apps/client-web/coverage/lcov-report/src/components/AddReprButton/index.ts.html,apps/client-web/coverage/lcov-report/favicon.png,apps/client-web/coverage/lcov-report/src/components/CategoryPills/index.ts.html,apps/client-web/coverage/lcov-report/src/components/Header/index.ts.html,apps/client-web/coverage/lcov-report/src/components/InfoButton/InfoButton.tsx.html,apps/client-web/coverage/lcov-report/src/components/ReprButton/ReprButton.tsx.html,apps/client-web/coverage/lcov-report/src/components/Header/Controls/index.ts.html,apps/client-web/coverage/lcov-report/src/components/ReprsList/index.html,apps/client-web/coverage/coverage-final.json,apps/client-web/coverage/lcov-report/src/components/ReprLine/ReprLine.tsx.html,apps/client-web/coverage/lcov-report/src/components/ToastWrapper/index.ts.html,apps/client-web/coverage/lcov-report/src/constants/index.ts.html,apps/client-web/coverage/lcov-report/prettify.js,apps/client-web/coverage/lcov-report/src/components/ToastWrapper/ToastWrapper.tsx.html,apps/client-web/coverage/lcov-report/src/state/reprs/index.html,apps/client-web/coverage/lcov-report/src/state/sagas/reprs/clearAllReprs/index.html,apps/client-web/coverage/lcov-report/src/pages/About/AboutSection/index.html,apps/client-web/coverage/lcov-report/src/state/sagas/files/index.html,apps/client-web/coverage/lcov-report/src/pages/Home/Home.tsx.html,apps/client-web/coverage/lcov-report/src/modals/EditRepr/EditRepr.tsx.html,apps/client-web/coverage/lcov-report/src/state/reprs/reprs.reducer.ts.html,apps/client-web/coverage/lcov-report/src/state/categories/categories.reducer.ts.html,apps/client-web/coverage/lcov-report/src/state/modal/modal.selectors.ts.html,apps/client-web/coverage/lcov-report/src/state/reprs/__FIXTURES__/preData.js.html,apps/client-web/coverage/lcov-report/src/state/sagas/files/readReprsFromXlsxFile/readReprsFromXlsxFile.saga.ts.html,apps/client-web/coverage/lcov-report/src/modals/EditRepr/CategoryLine/CategoryLine.tsx.html,apps/client-web/coverage/lcov-report/src/pages/Settings/Settings.tsx.html,apps/client-web/coverage/lcov-report/src/pages/Home/index.ts.html,apps/client-web/coverage/lcov-report/src/state/sagas/files/writeReprsToXlsxFile/index.html,apps/client-web/coverage/lcov-report/src/modals/ModalContainer/ModalContainer.tsx.html,apps/client-web/coverage/lcov-report/src/modals/Info/Info.tsx.html,apps/client-web/coverage/lcov-report/src/pages/Settings/Settings.helpers.ts.html,apps/client-web/coverage/lcov-report/src/state/categories/categories.types.ts.html,apps/client-web/coverage/lcov-report/src/state/categories/index.ts.html,apps/client-web/coverage/lcov-report/src/state/sagas/reprs/removeRepr/index.html,apps/client-web/coverage/lcov-report/src/state/reprs/__FIXTURES__/makeReprs.js.html,apps/client-web/coverage/lcov-report/src/state/modal/modal.hooks.ts.html,apps/client-web/coverage/lcov-report/src/state/sagas/genesis/genesis.actions.ts.html,apps/client-web/coverage/lcov-report/src/state/sagas/reprs/clearAllReprs/clearAllReprs.saga.ts.html,apps/client-web/coverage/lcov-report/src/modules/Localization/index.html,apps/client-web/coverage/lcov-report/src/pages/Home/index.html,apps/client-web/coverage/lcov-report/src/modules/Localization/index.ts.html,apps/client-web/coverage/lcov-report/src/state/reprs/reprs.selectors.ts.html,apps/client-web/coverage/lcov-report/src/state/sagas/index.html,apps/client-web/coverage/lcov-report/src/modules/Localization/Localization.hooks.ts.html,apps/client-web/coverage/lcov-report/src/state/sagas/genesis/index.ts.html,apps/client-web/coverage/lcov-report/src/pages/Settings/SettingsCardNumber/index.ts.html,apps/client-web/coverage/lcov-report/src/modals/EditRepr/index.ts.html,apps/client-web/coverage/lcov-report/src/state/reprs/reprs.actions.ts.html,apps/client-web/coverage/lcov-report/src/modals/Query/index.ts.html,apps/client-web/coverage/lcov-report/src/state/sagas/reprs/index.ts.html,apps/client-web/coverage/lcov-report/src/state/sagas/settings/index.ts.html,apps/client-web/coverage/lcov-report/src/state/sagas/ping/index.html,apps/client-web/coverage/lcov-report/src/state/sagas/genesis/index.html,apps/client-web/coverage/lcov-report/src/modals/ModalContainer/index.ts.html,apps/client-web/coverage/lcov-report/src/pages/About/About.tsx.html,apps/client-web/coverage/lcov-report/src/modals/Query/Query.tsx.html,apps/client-web/coverage/lcov-report/src/state/sagas/files/files.actions.ts.html,apps/client-web/coverage/lcov-report/src/state/sagas/rootSaga.ts.html,apps/client-web/coverage/lcov-report/src/state/categories/categories.hooks.ts.html,apps/client-web/coverage/lcov-report/src/modules/index.ts.html,apps/client-web/coverage/lcov-report/src/state/sagas/reprs/storeReprs/storeReprs.saga.ts.html,apps/client-web/coverage/lcov-report/src/pages/Settings/SupplementalSettingsCard/index.ts.html,apps/client-web/coverage/lcov-report/src/state/sagas/reprs/reprs.actions.ts.html,apps/client-web/coverage/lcov-report/src/state/modal/modal.reducer.ts.html,apps/client-web/coverage/lcov-report/src/state/sagas/ping/showPing/index.ts.html,apps/client-web/coverage/lcov-report/src/state/sagas/reprs/index.html,apps/client-web/coverage/lcov-report/src/state/sagas/reprs/loadReprs/loadReprs.saga.ts.html,apps/client-web/coverage/lcov-report/src/modals/ModalContainer/ModalContainer.types.ts.html,apps/client-web/coverage/lcov-report/src/state/store.ts.html,apps/client-web/coverage/lcov-report/src/state/sagas/reprs.helpers.ts.html,apps/client-web/coverage/lcov-report/src/state/sagas/files/index.ts.html,apps/client-web/coverage/lcov-report/src/state/categories/categories.selectors.ts.html,apps/client-web/coverage/lcov-report/src/modals/EditRepr/CategoryLine/index.html,apps/client-web/coverage/lcov-report/src/state/modal/index.html,apps/client-web/coverage/lcov-report/src/state/sagas/settings/loadSettings/index.html,apps/client-web/coverage/lcov-report/src/state/sagas/reprs/storeReprs/index.html,apps/client-web/coverage/lcov-report/src/state/sagas/files/readReprsFromXlsxFile/index.html,apps/client-web/coverage/lcov-report/src/modals/Info/index.html,apps/client-web/coverage/lcov-report/src/state/reprs/reprs.constants.ts.html,apps/client-web/coverage/lcov-report/src/pages/ViewRepr/index.ts.html,apps/client-web/coverage/lcov-report/src/pages/Settings/SupplementalSettingsCard/SupplementalSettingsCard.tsx.html,apps/client-web/coverage/lcov-report/src/state/modal/modal.types.ts.html,apps/client-web/coverage/lcov-report/src/pages/Settings/SettingsCardNumber/SettingsCardNumber.tsx.html,apps/client-web/coverage/lcov-report/src/modules/LocalStorage/LocalStorage.types.ts.html,apps/client-web/coverage/lcov-report/src/modals/EditRepr/EditRepr.helpers.ts.html,apps/client-web/coverage/lcov-report/src/pages/Settings/SettingsCardNumber/index.html,apps/client-web/coverage/lcov-report/src/state/sagas/files/writeReprsToXlsxFile/writeReprsToXlsxFile.saga.ts.html,apps/client-web/coverage/lcov-report/src/state/categories/categories.constants.ts.html,apps/client-web/coverage/lcov-report/src/state/sagas/settings/settings.actions.ts.html,apps/client-web/coverage/lcov-report/src/state/sagas/files/writeReprsToTextFile/index.html,apps/client-web/coverage/lcov-report/src/pages/Settings/index.ts.html,apps/client-web/coverage/lcov-report/src/modules/index.html,apps/client-web/coverage/lcov-report/src/state/reprs/__FIXTURES__/index.html,apps/client-web/coverage/lcov-report/src/pages/Settings/SupplementalSettingsCard/index.html,apps/client-web/coverage/lcov-report/src/pages/About/index.html,apps/client-web/coverage/lcov-report/src/pages/ViewRepr/ViewRepr.helpers.ts.html,apps/client-web/coverage/lcov-report/src/state/modal/modal.actions.ts.html,apps/client-web/coverage/lcov-report/src/state/sagas/ping/ping.actions.ts.html,apps/client-web/coverage/lcov-report/src/modules/LocalStorage/index.html,apps/client-web/coverage/lcov-report/src/modals/Confirmation/index.html,apps/client-web/coverage/lcov-report/src/state/modal/index.ts.html,apps/client-web/coverage/lcov-report/src/modals/Info/index.ts.html,apps/client-web/coverage/lcov-report/src/state/modal/modal.constants.ts.html,apps/client-web/coverage/lcov-report/src/state/categories/index.html,apps/client-web/coverage/lcov-report/src/state/sagas/files/constants.ts.html,apps/client-web/coverage/lcov-report/src/modals/EditRepr/CategoryLine/index.ts.html,apps/client-web/coverage/lcov-report/src/modals/Confirmation/index.ts.html,apps/client-web/coverage/lcov-report/src/modals/ModalContainer/index.html,apps/client-web/coverage/lcov-report/src/state/categories/categories.actions.ts.html,apps/client-web/coverage/lcov-report/src/state/sagas/ping/index.ts.html,apps/client-web/coverage/lcov-report/src/pages/About/index.ts.html,apps/client-web/coverage/lcov-report/src/state/sagas/files/readReprsFromTextFile/readReprsFromTextFile.saga.ts.html,apps/client-web/coverage/lcov-report/src/state/sagas/settings/resetSettings/index.html,apps/client-web/coverage/lcov-report/src/modals/Confirmation/Confirmation.helpers.ts.html,apps/client-web/coverage/lcov-report/src/state/sagas/reprs/markReprPracticed/index.html,apps/client-web/coverage/lcov-report/src/state/index.html,apps/client-web/coverage/lcov-report/src/pages/About/AboutSection/AboutSection.tsx.html,apps/client-web/coverage/lcov-report/src/modules/LocalStorage/LocalStorage.module.ts.html,apps/client-web/coverage/lcov-report/src/state/reprs/index.ts.html,apps/client-web/coverage/lcov-report/src/pages/ViewRepr/ViewRepr.tsx.html,apps/client-web/coverage/lcov-report/src/state/sagas/ping/showPing/index.html,apps/client-web/coverage/lcov-report/src/state/sagas/files/readReprsFromTextFile/index.html,apps/client-web/coverage/lcov-report/src/modals/Query/index.html,apps/client-web/coverage/lcov-report/src/modals/Confirmation/Confirmation.tsx.html,apps/client-web/coverage/lcov-report/src/pages/About/AboutSection/index.ts.html,apps/client-web/coverage/lcov-report/src/pages/ViewRepr/index.html,apps/client-web/coverage/lcov-report/src/state/sagas/genesis/genesis.saga.ts.html,apps/client-web/coverage/lcov-report/src/state/sagas/ping/showPing/showPing.saga.ts.html,apps/client-web/coverage/lcov-report/src/state/sagas/reprs/loadReprs/index.html,apps/client-web/coverage/lcov-report/src/state/reprs/reprs.hooks.ts.html,apps/client-web/coverage/lcov-report/src/modals/EditRepr/index.html,apps/client-web/coverage/lcov-report/src/modules/Localization/Localization.module.ts.html,apps/client-web/coverage/lcov-report/src/pages/Settings/index.html,apps/client-web/coverage/lcov-report/src/state/sagas/files/writeReprsToTextFile/writeReprsToTextFile.saga.ts.html,apps/client-web/coverage/lcov-report/src/state/sagas/reprs/addRepr/index.html,apps/client-web/coverage/lcov-report/src/state/sagas/reprs/markReprPracticed/markReprPracticed.saga.ts.html,apps/client-web/coverage/lcov-report/src/state/sagas/reprs/addRepr/addRepr.saga.ts.html,apps/client-web/coverage/lcov-report/src/state/sagas/settings/index.html,apps/client-web/coverage/lcov-report/src/state/reprs/reprs.types.ts.html,apps/client-web/coverage/lcov-report/src/modals/Query/Query.helpers.ts.html,apps/client-web/coverage/lcov-report/src/state/sagas/reprs/removeRepr/removeRepr.saga.ts.html
[NX v20.8.4 Daemon Server] - 2026-03-15T12:27:30.524Z - [REQUEST]: 
[NX v20.8.4 Daemon Server] - 2026-03-15T12:27:30.525Z - [WATCHER]: 55 file(s) created or restored, 0 file(s) modified, 0 file(s) deleted
[NX v20.8.4 Daemon Server] - 2026-03-15T12:27:30.525Z - [WATCHER]: Processing file changes in outputs
[NX v20.8.4 Daemon Server] - 2026-03-15T12:27:30.526Z - Time taken for 'hash changed files from watcher' 2.5207500000251457ms
[NX v20.8.4 Daemon Server] - 2026-03-15T12:27:30.537Z - Time taken for 'build-project-configs' 10.348709000041708ms
[NX v20.8.4 Daemon Server] - 2026-03-15T12:27:30.554Z - [SYNC]: collect registered sync generators
[NX v20.8.4 Daemon Server] - 2026-03-15T12:27:30.554Z - [SYNC]: project graph hash is the same, not collecting task sync generators
[NX v20.8.4 Daemon Server] - 2026-03-15T12:27:30.554Z - [SYNC]: nx.json hash is the same, not collecting global sync generators
[NX v20.8.4 Daemon Server] - 2026-03-15T12:27:30.555Z - [REQUEST]: Responding to the client. File watch changed
[NX v20.8.4 Daemon Server] - 2026-03-15T12:27:30.555Z - Done responding to the client File watch changed
[NX v20.8.4 Daemon Server] - 2026-03-15T12:27:30.555Z - Handled FILE-WATCH-CHANGED. Handling time: 0. Response time: 0.
[NX v20.8.4 Daemon Server] - 2026-03-15T12:27:30.555Z - Time taken for 'total execution time for createProjectGraph()' 15.003333000000566ms
[NX v20.8.4 Daemon Server] - 2026-03-15T12:27:30.626Z - [REQUEST]: Updated workspace context based on watched changes, recomputing project graph...
[NX v20.8.4 Daemon Server] - 2026-03-15T12:27:30.626Z - [REQUEST]: 
[NX v20.8.4 Daemon Server] - 2026-03-15T12:27:30.626Z - [REQUEST]: 
[NX v20.8.4 Daemon Server] - 2026-03-15T12:27:30.627Z - Time taken for 'hash changed files from watcher' 0.21974999993108213ms
[NX v20.8.4 Daemon Server] - 2026-03-15T12:27:30.634Z - Time taken for 'build-project-configs' 5.757790999952704ms
[NX v20.8.4 Daemon Server] - 2026-03-15T12:27:30.649Z - [SYNC]: collect registered sync generators
[NX v20.8.4 Daemon Server] - 2026-03-15T12:27:30.649Z - [SYNC]: project graph hash is the same, not collecting task sync generators
[NX v20.8.4 Daemon Server] - 2026-03-15T12:27:30.649Z - [SYNC]: nx.json hash is the same, not collecting global sync generators
[NX v20.8.4 Daemon Server] - 2026-03-15T12:27:30.649Z - [REQUEST]: Responding to the client. File watch changed
[NX v20.8.4 Daemon Server] - 2026-03-15T12:27:30.649Z - Done responding to the client File watch changed
[NX v20.8.4 Daemon Server] - 2026-03-15T12:27:30.649Z - Handled FILE-WATCH-CHANGED. Handling time: 0. Response time: 0.
[NX v20.8.4 Daemon Server] - 2026-03-15T12:27:30.649Z - Time taken for 'total execution time for createProjectGraph()' 11.988417000044137ms
[NX v20.8.4 Daemon Server] - 2026-03-15T12:27:30.860Z - [REQUEST]: Responding to the client. handleRunPostTasksExecution
[NX v20.8.4 Daemon Server] - 2026-03-15T12:27:30.861Z - Done responding to the client handleRunPostTasksExecution
[NX v20.8.4 Daemon Server] - 2026-03-15T12:27:30.861Z - Handled POST_TASKS_EXECUTION. Handling time: 0. Response time: 1.
[NX v20.8.4 Daemon Server] - 2026-03-15T12:27:30.861Z - Time taken for 'postTasksExecution' 0.09254099999088794ms
[NX v20.8.4 Daemon Server] - 2026-03-15T12:27:30.863Z - Closed a connection. Number of open connections: 2
[NX v20.8.4 Daemon Server] - 2026-03-15T12:27:41.658Z - Established a connection. Number of open connections: 3
[NX v20.8.4 Daemon Server] - 2026-03-15T12:27:41.664Z - [REQUEST]: Client Request for Project Graph Received
[NX v20.8.4 Daemon Server] - 2026-03-15T12:27:41.664Z - [REQUEST]: Responding to the client. project-graph
[NX v20.8.4 Daemon Server] - 2026-03-15T12:27:41.666Z - Time taken for 'total for creating and serializing project graph' 0.8475000000325963ms
[NX v20.8.4 Daemon Server] - 2026-03-15T12:27:41.666Z - Closed a connection. Number of open connections: 2
[NX v20.8.4 Daemon Server] - 2026-03-15T12:27:41.669Z - Done responding to the client project-graph
[NX v20.8.4 Daemon Server] - 2026-03-15T12:27:41.670Z - Handled REQUEST_PROJECT_GRAPH. Handling time: 1. Response time: 6.
[NX v20.8.4 Daemon Server] - 2026-03-15T12:27:41.677Z - [REQUEST]: Responding to the client. handleContextFileData
[NX v20.8.4 Daemon Server] - 2026-03-15T12:27:41.682Z - Done responding to the client handleContextFileData
[NX v20.8.4 Daemon Server] - 2026-03-15T12:27:41.684Z - Handled GET_CONTEXT_FILE_DATA. Handling time: 1. Response time: 7.
[NX v20.8.4 Daemon Server] - 2026-03-15T12:27:41.849Z - Closed a connection. Number of open connections: 1
[NX v20.8.4 Daemon Server] - 2026-03-15T12:27:41.850Z - Established a connection. Number of open connections: 2
[NX v20.8.4 Daemon Server] - 2026-03-15T12:27:41.851Z - [REQUEST]: Client Request for Project Graph Received
[NX v20.8.4 Daemon Server] - 2026-03-15T12:27:41.852Z - [REQUEST]: Responding to the client. project-graph
[NX v20.8.4 Daemon Server] - 2026-03-15T12:27:41.852Z - Time taken for 'total for creating and serializing project graph' 0.39504100009799004ms
[NX v20.8.4 Daemon Server] - 2026-03-15T12:27:41.852Z - Closed a connection. Number of open connections: 1
[NX v20.8.4 Daemon Server] - 2026-03-15T12:27:41.854Z - Done responding to the client project-graph
[NX v20.8.4 Daemon Server] - 2026-03-15T12:27:41.855Z - Handled REQUEST_PROJECT_GRAPH. Handling time: 1. Response time: 3.
[NX v20.8.4 Daemon Server] - 2026-03-15T12:27:41.856Z - [REQUEST]: Client Request for Project Graph Received
[NX v20.8.4 Daemon Server] - 2026-03-15T12:27:41.857Z - [REQUEST]: Responding to the client. project-graph
[NX v20.8.4 Daemon Server] - 2026-03-15T12:27:41.857Z - Time taken for 'total for creating and serializing project graph' 0.47216699994169176ms
[NX v20.8.4 Daemon Server] - 2026-03-15T12:27:41.859Z - Done responding to the client project-graph
[NX v20.8.4 Daemon Server] - 2026-03-15T12:27:41.860Z - Handled REQUEST_PROJECT_GRAPH. Handling time: 1. Response time: 3.
[NX v20.8.4 Daemon Server] - 2026-03-15T12:27:41.861Z - Established a connection. Number of open connections: 2
